// Jest Snapshot v1, https://goo.gl/fbAQLP

exports[`testing app component renders learn react link 1`] = `
<input
  placeholder="type ur username..."
  type="text"
/>
`;
